RAM Allocation [bytes]
Variable                                                                          Address   Size
------------------------------------------------------------------------------------------------
y                                                                                 0x0160       2
width                                                                             0x0162       2
height                                                                            0x0164       2
checksum                                                                          0x0166       2
signature                                                                         0x0168       2
a                                                                                 0x016A       1
ball                                                                              0x016B       2
ball_distance                                                                     0x016D       2
address                                                                           0x016F       2
_base_y                                                                           0x0171       4
_lcd_x                                                                            0x0175       1
_lcd_y                                                                            0x0176       1
_lcd_maxx                                                                         0x0177       1

EEPROM Allocation [bytes]
Variable                                                                          Address   Size
------------------------------------------------------------------------------------------------

Register Allocation
Variable                                                                          Register  Size
------------------------------------------------------------------------------------------------
speed                                                                             R4,R5        2
i                                                                                 R6,R7        2
cmp                                                                               R8,R9        2
c                                                                                 R10,R11      2
x                                                                                 R12,R13      2

FLASH Allocation [words]
Function                                                                          Address   Size
------------------------------------------------------------------------------------------------
read                                                                              0x0006C     21
compass_read                                                                      0x00081     16
read_pixy                                                                         0x00091    130
main                                                                              0x00113     68
_lcd_write_nibble_G100                                                            0x00157     20
_lcd_write_data                                                                   0x0016B     12
lcd_gotoxy                                                                        0x00177     17
lcd_clear                                                                         0x00188     12
lcd_putchar                                                                       0x00194     32
lcd_putsf                                                                         0x001B4     19
lcd_init                                                                          0x001C7     44
