RAM Allocation [bytes]
Variable                                                                          Address   Size
------------------------------------------------------------------------------------------------
rx_buffer                                                                         0x0160       8
x                                                                                 0x0168       2
y                                                                                 0x016A       2
width                                                                             0x016C       2
height                                                                            0x016E       2
checksum                                                                          0x0170       2
signature                                                                         0x0172       2
b                                                                                 0x0174       1
x_robot                                                                           0x0175       2
y_robot                                                                           0x0177       2
ball_angle                                                                        0x0179       2
ball                                                                              0x017B       2
ball_distance                                                                     0x017D       2
x_goal                                                                            0x017F       2
y_goal                                                                            0x0181       2
goal_angle                                                                        0x0183       2
goal_distance                                                                     0x0185       2
goal                                                                              0x0187       2
is_goal                                                                           0x0189       2
cnt                                                                               0x018B       2
cmp_balance                                                                       0x018D       2
front_distance                                                                    0x018F       2
back_distance                                                                     0x0191       2
kick_sen                                                                          0x0193       2
is_ball                                                                           0x0195       2
turn_back                                                                         0x0197       2
LDR_R                                                                             0x0199       2
LDR_L                                                                             0x019B       2
set_r                                                                             0x019D       2
set_l                                                                             0x019F       2
last_out                                                                          0x01A1       2
out_cnt                                                                           0x01A3       2
address                                                                           0x01A5       2
_base_y                                                                           0x01A7       4
_lcd_x                                                                            0x01AB       1
_lcd_y                                                                            0x01AC       1
_lcd_maxx                                                                         0x01AD       1
_seed                                                                             0x01AE       4

EEPROM Allocation [bytes]
Variable                                                                          Address   Size
------------------------------------------------------------------------------------------------

Register Allocation
Variable                                                                          Register  Size
------------------------------------------------------------------------------------------------
rx_wr_index                                                                       R5           1
rx_rd_index                                                                       R4           1
rx_counter                                                                        R7           1
rx_buffer_overflow                                                                R2.0      1bit
speed                                                                             R8,R9        2
i                                                                                 R10,R11      2
cmp                                                                               R12,R13      2
a                                                                                 R6           1

FLASH Allocation [words]
Function                                                                          Address   Size
------------------------------------------------------------------------------------------------
usart_rx_isr                                                                      0x0008B     35
getchar                                                                           0x000AE     17
read_adc                                                                          0x000BF     15
read                                                                              0x000CE     29
print                                                                             0x000EB     73
motor                                                                             0x00134    160
read_pixy                                                                         0x001D4    471
move                                                                              0x003AB    215
read_sensor                                                                       0x00482    185
shoot                                                                             0x0053B      5
out                                                                               0x00540    255
main                                                                              0x0063F    534
ftrunc                                                                            0x00855     49
floor                                                                             0x00886     16
log                                                                               0x00896    130
exp                                                                               0x00918    154
pow                                                                               0x009B2     75
xatan                                                                             0x009FD     43
yatan                                                                             0x00A28     61
atan2                                                                             0x00A65     89
_lcd_write_nibble_G101                                                            0x00ABE     21
_lcd_write_data                                                                   0x00AD3     12
lcd_gotoxy                                                                        0x00ADF     17
lcd_clear                                                                         0x00AF0     14
lcd_putchar                                                                       0x00AFE     32
lcd_putsf                                                                         0x00B1E     19
lcd_init                                                                          0x00B31     46
putchar                                                                           0x00B5F      7
