RAM Allocation [bytes]
Variable                                                                          Address   Size
------------------------------------------------------------------------------------------------
rx_buffer                                                                         0x0160       8
x                                                                                 0x0168       2
y                                                                                 0x016A       2
width                                                                             0x016C       2
height                                                                            0x016E       2
checksum                                                                          0x0170       2
signature                                                                         0x0172       2
b                                                                                 0x0174       1
x_robot                                                                           0x0175       2
y_robot                                                                           0x0177       2
ball_angle                                                                        0x0179       2
ball                                                                              0x017B       2
ball_distance                                                                     0x017D       2
x_goal                                                                            0x017F       2
y_goal                                                                            0x0181       2
goal_angle                                                                        0x0183       2
goal_distance                                                                     0x0185       2
goal                                                                              0x0187       2
is_goal                                                                           0x0189       2
cnt                                                                               0x018B       2
cmp_balance                                                                       0x018D       2
kick_sen                                                                          0x018F       2
is_ball                                                                           0x0191       2
address                                                                           0x0193       2
_base_y                                                                           0x0195       4
_lcd_x                                                                            0x0199       1
_lcd_y                                                                            0x019A       1
_lcd_maxx                                                                         0x019B       1
_seed                                                                             0x019C       4

EEPROM Allocation [bytes]
Variable                                                                          Address   Size
------------------------------------------------------------------------------------------------

Register Allocation
Variable                                                                          Register  Size
------------------------------------------------------------------------------------------------
rx_wr_index                                                                       R5           1
rx_rd_index                                                                       R4           1
rx_counter                                                                        R7           1
rx_buffer_overflow                                                                R2.0      1bit
speed                                                                             R8,R9        2
i                                                                                 R10,R11      2
cmp                                                                               R12,R13      2
a                                                                                 R6           1

FLASH Allocation [words]
Function                                                                          Address   Size
------------------------------------------------------------------------------------------------
usart_rx_isr                                                                      0x00084     35
getchar                                                                           0x000A7     17
read_adc                                                                          0x000B8     15
read                                                                              0x000C7     29
print                                                                             0x000E4     34
motor                                                                             0x00106    160
read_pixy                                                                         0x001A6    503
move                                                                              0x0039D    215
read_cmp                                                                          0x00474     79
shoot                                                                             0x004C3      7
main                                                                              0x004CA    377
ftrunc                                                                            0x00643     49
floor                                                                             0x00674     16
log                                                                               0x00684    130
exp                                                                               0x00706    154
pow                                                                               0x007A0     75
xatan                                                                             0x007EB     43
yatan                                                                             0x00816     61
atan2                                                                             0x00853     89
_lcd_write_nibble_G101                                                            0x008AC     21
_lcd_write_data                                                                   0x008C1     12
lcd_gotoxy                                                                        0x008CD     17
lcd_clear                                                                         0x008DE     14
lcd_putchar                                                                       0x008EC     32
lcd_init                                                                          0x0090C     46
putchar                                                                           0x0093A      7
